[pixelwibes.com/template/ebazar/html/dist/index.html]
[backblue.gif]
[fade.gif]
[index.html]
[pixelwibes.com/template/ebazar/html/dist/favicon.ico]
[pixelwibes.com/template/ebazar/html/dist/assets/plugin/datatables/responsive.dataTables.min.css]
[pixelwibes.com/template/ebazar/html/dist/assets/plugin/datatables/dataTables.bootstrap5.min.css]
[pixelwibes.com/template/ebazar/html/dist/product-grid.html]
[pixelwibes.com/template/ebazar/html/dist/product-list.html]
[pixelwibes.com/template/ebazar/html/dist/product-edit.html]
[pixelwibes.com/template/ebazar/html/dist/product-detail.html]
[pixelwibes.com/template/ebazar/html/dist/product-add.html]
[pixelwibes.com/template/ebazar/html/dist/assets/css/ebazar.style.min.css]
[pixelwibes.com/template/ebazar/html/dist/product-cart.html]
[pixelwibes.com/template/ebazar/html/dist/checkout.html]
[pixelwibes.com/template/ebazar/html/dist/categorie-list.html]
[pixelwibes.com/template/ebazar/html/dist/categories-edit.html]
[pixelwibes.com/template/ebazar/html/dist/categories-add.html]
[pixelwibes.com/template/ebazar/html/dist/order-list.html]
[pixelwibes.com/template/ebazar/html/dist/order-details.html]
[pixelwibes.com/template/ebazar/html/dist/order-invoices.html]
[pixelwibes.com/template/ebazar/html/dist/customers.html]
[pixelwibes.com/template/ebazar/html/dist/customer-detail.html]
[pixelwibes.com/template/ebazar/html/dist/coupons-list.html]
[pixelwibes.com/template/ebazar/html/dist/coupon-add.html]
[pixelwibes.com/template/ebazar/html/dist/coupon-edit.html]
[pixelwibes.com/template/ebazar/html/dist/inventory-info.html]
[pixelwibes.com/template/ebazar/html/dist/purchase.html]
[pixelwibes.com/template/ebazar/html/dist/supplier.html]
[pixelwibes.com/template/ebazar/html/dist/returns.html]
[pixelwibes.com/template/ebazar/html/dist/department.html]
[pixelwibes.com/template/ebazar/html/dist/invoices.html]
[pixelwibes.com/template/ebazar/html/dist/expenses.html]
[pixelwibes.com/template/ebazar/html/dist/salaryslip.html]
[pixelwibes.com/template/ebazar/html/dist/create-invoice.html]
[pixelwibes.com/template/ebazar/html/dist/calendar.html]
[pixelwibes.com/template/ebazar/html/dist/chat.html]
[pixelwibes.com/template/ebazar/html/dist/store-locator.html]
[pixelwibes.com/template/ebazar/html/dist/ui-elements/ui-alerts.html]
[pixelwibes.com/template/ebazar/html/dist/admin-profile.html]
[pixelwibes.com/template/ebazar/html/dist/purchase-plan.html]
[pixelwibes.com/template/ebazar/html/dist/charts.html]
[pixelwibes.com/template/ebazar/html/dist/table.html]
[pixelwibes.com/template/ebazar/html/dist/forms.html]
[pixelwibes.com/template/ebazar/html/dist/icon.html]
[pixelwibes.com/template/ebazar/html/dist/contact.html]
[pixelwibes.com/template/ebazar/html/dist/todo-list.html]
[pixelwibes.com/template/ebazar/html/dist/help.html]
[pixelwibes.com/template/ebazar/html/dist/assets/images/flag/GB.png]
[pixelwibes.com/template/ebazar/html/dist/assets/images/flag/DE.png]
[pixelwibes.com/template/ebazar/html/dist/assets/images/flag/FR.png]
[pixelwibes.com/template/ebazar/html/dist/assets/images/flag/IT.png]
[pixelwibes.com/template/ebazar/html/dist/assets/images/flag/RU.png]
[pixelwibes.com/template/ebazar/html/dist/ui-elements/auth-signin.html]
[pixelwibes.com/template/ebazar/html/dist/assets/images/product/product-1.jpg]
[pixelwibes.com/template/ebazar/html/dist/assets/images/product/product-2.jpg]
[pixelwibes.com/template/ebazar/html/dist/assets/images/product/product-3.jpg]
[pixelwibes.com/template/ebazar/html/dist/assets/images/product/product-4.jpg]
[pixelwibes.com/template/ebazar/html/js/template.js]
[pixelwibes.com/template/ebazar/html/dist/index.html]
[pixelwibes.com/template/ebazar/html/js/page/index.js]
[pixelwibes.com/template/ebazar/html/dist/assets/plugin/datatables/responsive.dataTables.min.css]
[pixelwibes.com/template/ebazar/html/dist/assets/plugin/datatables/dataTables.bootstrap5.min.css]
[cdnjs.cloudflare.com/ajax/libs/font-awesome/4.7.0/css/font-awesome.min.css]
[cdn.jsdelivr.net/npm/bootstrap-icons@1.3.0/font/bootstrap-icons.css]
[pixelwibes.com/template/ebazar/html/dist/assets/fonts/icofont/fonts/icofont.eot]
[pixelwibes.com/template/ebazar/html/dist/assets/bundles/dataTables.bundle.js]
[pixelwibes.com/template/ebazar/html/dist/assets/fonts/icofont/fonts/icofont.woff]
[pixelwibes.com/template/ebazar/html/dist/assets/bundles/libscripts.bundle.js]
[pixelwibes.com/template/ebazar/html/dist/assets/fonts/icofont/fonts/icofontd41d.eot]
[pixelwibes.com/template/ebazar/html/dist/assets/bundles/apexcharts.bundle.js]
[pixelwibes.com/template/ebazar/html/dist/assets/css/ebazar.style.min.css]
[pixelwibes.com/template/ebazar/html/dist/assets/plugin/nouislider/nouislider.min.css]
[pixelwibes.com/template/ebazar/html/dist/assets/images/product/product-5.jpg]
[pixelwibes.com/template/ebazar/html/dist/assets/images/product/product-6.jpg]
[pixelwibes.com/template/ebazar/html/dist/assets/images/product/product-7.jpg]
[pixelwibes.com/template/ebazar/html/dist/product-grid.html]
[pixelwibes.com/template/ebazar/html/dist/product-list.html]
[pixelwibes.com/template/ebazar/html/dist/assets/plugin/multi-select/css/multi-select.css]
[pixelwibes.com/template/ebazar/html/dist/assets/plugin/nouislider/nouislider.min.js]
[pixelwibes.com/template/ebazar/html/dist/assets/plugin/bootstrap-tagsinput/bootstrap-tagsinput.css]
[pixelwibes.com/template/ebazar/html/dist/assets/plugin/cropper/cropper.min.css]
[pixelwibes.com/template/ebazar/html/dist/assets/plugin/dropify/dist/css/dropify.min.css]
[pixelwibes.com/template/ebazar/html/dist/assets/images/product/thunb-2.jpg]
[pixelwibes.com/template/ebazar/html/dist/assets/images/product/thunb-3.jpg]
[pixelwibes.com/template/ebazar/html/dist/assets/images/product/thunb-4.jpg]
[pixelwibes.com/template/ebazar/html/dist/assets/images/product/thunb-5.jpg]
[cdn.ckeditor.com/ckeditor5/29.0.0/classic/ckeditor.js]
[pixelwibes.com/template/ebazar/html/dist/assets/plugin/multi-select/js/jquery.multi-select.js]
[pixelwibes.com/template/ebazar/html/dist/assets/plugin/bootstrap-tagsinput/bootstrap-tagsinput.js]
[pixelwibes.com/template/ebazar/html/dist/assets/plugin/cropper/cropper.min.js]
[pixelwibes.com/template/ebazar/html/dist/assets/plugin/cropper/cropper-init.js]
[pixelwibes.com/template/ebazar/html/dist/assets/bundles/dropify.bundle.js]
[pixelwibes.com/template/ebazar/html/dist/product-edit.html]
[pixelwibes.com/template/ebazar/html/dist/assets/images/product/thunb-1.jpg]
[pixelwibes.com/template/ebazar/html/dist/assets/images/product/productslide-1.jpg]
[pixelwibes.com/template/ebazar/html/dist/assets/images/product/productslide-2.jpg]
[pixelwibes.com/template/ebazar/html/dist/assets/images/product/productslide-3.jpg]
[pixelwibes.com/template/ebazar/html/dist/assets/images/product/productslide-5.jpg]
[pixelwibes.com/template/ebazar/html/dist/assets/images/product/product-items-1.jpg]
[pixelwibes.com/template/ebazar/html/dist/assets/images/product/product-items-2.jpg]
[pixelwibes.com/template/ebazar/html/dist/assets/images/product/product-items-3.jpg]
[pixelwibes.com/template/ebazar/html/dist/product-detail.html]
[pixelwibes.com/template/ebazar/html/dist/assets/images/product/upload.png]
[pixelwibes.com/template/ebazar/html/dist/assets/images/product/cropimg-upload.jpg]
[pixelwibes.com/template/ebazar/html/dist/product-add.html]
[pixelwibes.com/template/ebazar/html/dist/product-cart.html]
[pixelwibes.com/template/ebazar/html/dist/assets/images/product/shipping-4.png]
[pixelwibes.com/template/ebazar/html/dist/assets/images/product/shipping-3.png]
[pixelwibes.com/template/ebazar/html/dist/assets/images/product/shipping-2.png]
[pixelwibes.com/template/ebazar/html/dist/assets/images/product/shipping-1.png]
[pixelwibes.com/template/ebazar/html/dist/checkout.html]
[pixelwibes.com/template/ebazar/html/dist/categorie-list.html]
[pixelwibes.com/template/ebazar/html/dist/assets/images/product/Cropimg.jpg]
[pixelwibes.com/template/ebazar/html/dist/categories-edit.html]
[pixelwibes.com/template/ebazar/html/dist/categories-add.html]
[pixelwibes.com/template/ebazar/html/dist/order-list.html]
[pixelwibes.com/template/ebazar/html/dist/order-details.html]
[pixelwibes.com/template/ebazar/html/dist/assets/images/product/product-8.jpg]
[pixelwibes.com/template/ebazar/html/dist/order-invoices.html]
[pixelwibes.com/template/ebazar/html/dist/customers.html]
[pixelwibes.com/template/ebazar/html/dist/customer-detail.html]
[pixelwibes.com/template/ebazar/html/dist/coupons-list.html]
[pixelwibes.com/template/ebazar/html/dist/coupon-add.html]
[pixelwibes.com/template/ebazar/html/dist/coupon-edit.html]
[pixelwibes.com/template/ebazar/html/dist/inventory-info.html]
[pixelwibes.com/template/ebazar/html/dist/purchase.html]
[pixelwibes.com/template/ebazar/html/dist/supplier.html]
[pixelwibes.com/template/ebazar/html/dist/returns.html]
[pixelwibes.com/template/ebazar/html/dist/department.html]
[pixelwibes.com/template/ebazar/html/js/page/profile.js]
[pixelwibes.com/template/ebazar/html/dist/invoices.html]
[pixelwibes.com/template/ebazar/html/dist/expenses.html]
[pixelwibes.com/template/ebazar/html/dist/salaryslip.html]
[pixelwibes.com/template/ebazar/html/dist/assets/bundles/invoice.bundle.js]
[pixelwibes.com/template/ebazar/html/dist/create-invoice.html]
[pixelwibes.com/template/ebazar/html/dist/calendar.html]
[pixelwibes.com/template/ebazar/html/dist/assets/images/gallery/1.jpg]
[pixelwibes.com/template/ebazar/html/dist/assets/images/gallery/2.jpg]
[pixelwibes.com/template/ebazar/html/dist/chat.html]
[pixelwibes.com/template/ebazar/html/js/page/google.js]
[pixelwibes.com/template/ebazar/html/dist/store-locator.html]
[pixelwibes.com/template/ebazar/html/dist/assets/plugin/prism/prism.css]
[pixelwibes.com/template/ebazar/html/dist/ui-elements/index.html]
[pixelwibes.com/template/ebazar/html/dist/ui-elements/auth-signup.html]
[pixelwibes.com/template/ebazar/html/dist/ui-elements/auth-password-reset.html]
[pixelwibes.com/template/ebazar/html/dist/ui-elements/auth-two-step.html]
[pixelwibes.com/template/ebazar/html/dist/ui-elements/auth-404.html]
[pixelwibes.com/template/ebazar/html/dist/ui-elements/ui-badge.html]
[pixelwibes.com/template/ebazar/html/dist/ui-elements/ui-breadcrumb.html]
[pixelwibes.com/template/ebazar/html/dist/ui-elements/ui-buttons.html]
[pixelwibes.com/template/ebazar/html/dist/ui-elements/ui-card.html]
[pixelwibes.com/template/ebazar/html/dist/ui-elements/ui-carousel.html]
[pixelwibes.com/template/ebazar/html/dist/ui-elements/ui-collapse.html]
[pixelwibes.com/template/ebazar/html/dist/ui-elements/ui-dropdowns.html]
[pixelwibes.com/template/ebazar/html/dist/ui-elements/ui-listgroup.html]
[pixelwibes.com/template/ebazar/html/dist/ui-elements/ui-modal.html]
[pixelwibes.com/template/ebazar/html/dist/ui-elements/ui-navs.html]
[pixelwibes.com/template/ebazar/html/dist/ui-elements/ui-navbar.html]
[pixelwibes.com/template/ebazar/html/dist/ui-elements/ui-pagination.html]
[pixelwibes.com/template/ebazar/html/dist/ui-elements/ui-popovers.html]
[pixelwibes.com/template/ebazar/html/dist/ui-elements/ui-progress.html]
[pixelwibes.com/template/ebazar/html/dist/ui-elements/ui-scrollspy.html]
[pixelwibes.com/template/ebazar/html/dist/ui-elements/ui-spinners.html]
[pixelwibes.com/template/ebazar/html/dist/ui-elements/ui-toasts.html]
[pixelwibes.com/template/ebazar/html/dist/assets/plugin/fullcalendar/main.min.js]
[pixelwibes.com/template/ebazar/html/dist/ui-elements/ui-tooltips.html]
[pixelwibes.com/template/ebazar/html/dist/ui-elements/documentation.html]
[pixelwibes.com/template/ebazar/html/dist/ui-elements/changelog.html]
[pixelwibes.com/template/ebazar/html/dist/ui-elements/help.html]
[pixelwibes.com/template/ebazar/html/dist/ui-elements/ui-alerts.html]
[pixelwibes.com/template/ebazar/html/dist/admin-profile.html]
[pixelwibes.com/template/ebazar/html/dist/purchase-plan.html]
[pixelwibes.com/template/ebazar/html/dist/assets/plugin/prism/prism.js]
[pixelwibes.com/template/ebazar/html/dist/charts.html]
[pixelwibes.com/template/ebazar/html/dist/table.html]
[pixelwibes.com/template/ebazar/html/dist/assets/plugin/parsleyjs/css/parsley.css]
[pixelwibes.com/template/ebazar/html/js/page/chart-apex.js]
[pixelwibes.com/template/ebazar/html/dist/forms.html]
[pixelwibes.com/template/ebazar/html/dist/assets/plugin/parsleyjs/js/parsley.js]
[pixelwibes.com/template/ebazar/html/dist/icon.html]
[pixelwibes.com/template/ebazar/html/dist/contact.html]
[pixelwibes.com/template/ebazar/html/js/page/todo.js]
[pixelwibes.com/template/ebazar/html/dist/todo-list.html]
[pixelwibes.com/template/ebazar/html/dist/help.html]
[pixelwibes.com/template/ebazar/html/dist/assets/images/xs/avatar1.svg]
[pixelwibes.com/template/ebazar/html/dist/assets/images/xs/avatar3.svg]
[pixelwibes.com/template/ebazar/html/dist/assets/images/xs/avatar5.svg]
[pixelwibes.com/template/ebazar/html/dist/assets/images/xs/avatar6.svg]
[pixelwibes.com/template/ebazar/html/dist/assets/images/xs/avatar7.svg]
[pixelwibes.com/template/ebazar/html/dist/assets/images/profile_av.svg]
[pixelwibes.com/template/ebazar/html/dist/ui-elements/auth-signin.html]
[cdnjs.cloudflare.com/ajax/libs/font-awesome/4.7.0/css/font-awesome.min.css]
[cdn.jsdelivr.net/npm/bootstrap-icons@1.3.0/font/fonts/bootstrap-icons289b.woff]
[cdn.jsdelivr.net/npm/bootstrap-icons@1.3.0/font/bootstrap-icons.css]
[cdn.jsdelivr.net/npm/bootstrap-icons@1.3.0/font/fonts/bootstrap-icons289b.woff2]
[pixelwibes.com/template/ebazar/html/dist/assets/fonts/icofont/fonts/icofont.woff]
[pixelwibes.com/template/ebazar/html/dist/assets/fonts/icofont/fonts/icofont.svg]
[pixelwibes.com/template/ebazar/html/dist/assets/plugin/nouislider/nouislider.min.css]
[pixelwibes.com/template/ebazar/html/dist/assets/plugin/multi-select/img/switch.png]
[pixelwibes.com/template/ebazar/html/dist/assets/plugin/multi-select/css/multi-select.css]
[pixelwibes.com/template/ebazar/html/dist/assets/plugin/bootstrap-tagsinput/bootstrap-tagsinput.css]
[pixelwibes.com/template/ebazar/html/dist/assets/plugin/cropper/cropper.min.css]
[pixelwibes.com/template/ebazar/html/dist/assets/plugin/dropify/dist/fonts/dropify.woff]
[pixelwibes.com/template/ebazar/html/dist/assets/plugin/dropify/dist/css/dropify.min.css]
[pixelwibes.com/template/ebazar/html/dist/cropped.html]
[pixelwibes.com/template/ebazar/html/dist/assets/images/xs/avatar9.svg]
[pixelwibes.com/template/ebazar/html/dist/assets/images/xs/avatar2.svg]
[pixelwibes.com/template/ebazar/html/dist/assets/images/xs/avatar12.svg]
[pixelwibes.com/template/ebazar/html/dist/assets/images/xs/avatar4.svg]
[pixelwibes.com/template/ebazar/html/dist/assets/images/lg/avatar4.svg]
[pixelwibes.com/template/ebazar/html/dist/assets/images/logo.svg]
[pixelwibes.com/template/ebazar/html/dist/assets/images/xs/avatar10.svg]
[pixelwibes.com/template/ebazar/html/dist/assets/plugin/prism/prism.css]
[pixelwibes.com/template/ebazar/html/dist/ui-elements/index.html]
[pixelwibes.com/template/ebazar/html/dist/ui-elements/auth-signup.html]
[pixelwibes.com/template/ebazar/html/dist/ui-elements/auth-password-reset.html]
[pixelwibes.com/template/ebazar/html/dist/ui-elements/auth-two-step.html]
[pixelwibes.com/template/ebazar/html/dist/ui-elements/auth-404.html]
[pixelwibes.com/template/ebazar/html/dist/ui-elements/ui-badge.html]
[pixelwibes.com/template/ebazar/html/dist/ui-elements/ui-breadcrumb.html]
[pixelwibes.com/template/ebazar/html/dist/ui-elements/ui-buttons.html]
[pixelwibes.com/template/ebazar/html/dist/assets/images/gallery/6.jpg]
[pixelwibes.com/template/ebazar/html/dist/assets/images/gallery/10.jpg]
[pixelwibes.com/template/ebazar/html/dist/assets/images/gallery/8.jpg]
[pixelwibes.com/template/ebazar/html/dist/assets/images/gallery/5.jpg]
[pixelwibes.com/template/ebazar/html/dist/assets/images/gallery/9.jpg]
[pixelwibes.com/template/ebazar/html/dist/assets/images/gallery/3.jpg]
[pixelwibes.com/template/ebazar/html/dist/assets/images/gallery/7.jpg]
[pixelwibes.com/template/ebazar/html/dist/assets/images/gallery/4.jpg]
[pixelwibes.com/template/ebazar/html/dist/ui-elements/ui-card.html]
[pixelwibes.com/template/ebazar/html/dist/ui-elements/ui-carousel.html]
[pixelwibes.com/template/ebazar/html/dist/ui-elements/ui-collapse.html]
[pixelwibes.com/template/ebazar/html/dist/ui-elements/ui-dropdowns.html]
[pixelwibes.com/template/ebazar/html/dist/ui-elements/ui-listgroup.html]
[pixelwibes.com/template/ebazar/html/dist/ui-elements/ui-modal.html]
[pixelwibes.com/template/ebazar/html/dist/ui-elements/ui-navs.html]
[pixelwibes.com/template/ebazar/html/dist/ui-elements/ui-navbar.html]
[pixelwibes.com/template/ebazar/html/dist/ui-elements/ui-pagination.html]
[pixelwibes.com/template/ebazar/html/dist/ui-elements/ui-popovers.html]
[pixelwibes.com/template/ebazar/html/dist/ui-elements/ui-progress.html]
[pixelwibes.com/template/ebazar/html/dist/ui-elements/ui-scrollspy.html]
[pixelwibes.com/template/ebazar/html/dist/ui-elements/ui-spinners.html]
[pixelwibes.com/template/ebazar/html/dist/ui-elements/ui-toasts.html]
[pixelwibes.com/template/ebazar/html/dist/ui-elements/ui-tooltips.html]
[pixelwibes.com/template/ebazar/html/dist/ui-elements/documentation.html]
[cdn.jsdelivr.net/npm/popper.js@1.16.1/dist/umd/popper.min.js]
[pixelwibes.com/template/ebazar/html/dist/ui-elements/changelog.html]
[pixelwibes.com/template/ebazar/html/dist/ui-elements/help.html]
[pixelwibes.com/template/ebazar/html/dist/assets/images/xs/avatar11.svg]
[pixelwibes.com/template/ebazar/html/dist/assets/images/xs/avatar8.svg]
[pixelwibes.com/template/ebazar/html/dist/assets/plugin/parsleyjs/css/parsley.css]
[pixelwibes.com/template/ebazar/html/dist/assets/images/lg/avatar2.svg]
[pixelwibes.com/template/ebazar/html/dist/assets/images/lg/avatar1.svg]
[pixelwibes.com/template/ebazar/html/dist/assets/images/lg/avatar5.svg]
[pixelwibes.com/template/ebazar/html/dist/assets/images/lg/avatar6.svg]
[pixelwibes.com/template/ebazar/html/dist/assets/images/lg/avatar7.svg]
[pixelwibes.com/template/ebazar/html/dist/assets/images/lg/avatar8.svg]
[pixelwibes.com/template/ebazar/html/dist/assets/images/lg/avatar9.svg]
[pixelwibes.com/template/ebazar/html/dist/assets/images/xs/avatar2.html]
[pixelwibes.com/template/ebazar/html/dist/assets/images/xs/avatar3.html]
[pixelwibes.com/template/ebazar/html/dist/assets/images/xs/avatar8.html]
[pixelwibes.com/template/ebazar/html/dist/assets/images/login-img.svg]
[pixelwibes.com/template/ebazar/html/dist/assets/images/google.svg]
[pixelwibes.com/template/ebazar/html/dist/assets/plugin/dropify/dist/fonts/dropify.svg]
[pixelwibes.com/template/ebazar/html/dist/assets/images/no-data.svg]
[pixelwibes.com/template/ebazar/html/dist/assets/images/forgot-password.svg]
[pixelwibes.com/template/ebazar/html/dist/assets/images/verify.svg]
[pixelwibes.com/template/ebazar/html/dist/assets/images/not_found.svg]
[pixelwibes.com/template/ebazar/html/dist/ui-elements/admin-profile.html]
[pixelwibes.com/template/ebazar/html/dist/ui-elements/order-invoices.html]
[pixelwibes.com/template/ebazar/html/dist/ui-elements/ui-elements/auth-signin.html]
[pixelwibes.com/template/ebazar/html/dist/assets/images/change-log.svg]
[pixelwibes.com/template/ebazar/html/dist/assets/fonts/icofont/fonts/icofont.ttf]
[pixelwibes.com/template/ebazar/html/dist/assets/plugin/fullcalendar/main.min.css]
[pixelwibes.com/template/ebazar/html/dist/assets/plugin/dropify/dist/fonts/dropify.eot]
[pixelwibes.com/template/ebazar/html/dist/assets/plugin/dropify/dist/fonts/dropify.ttf]
